[debug] [2026-08-29T15:46:26.988Z] ----------------------------------------------------------------------
[debug] [2026-08-29T15:46:26.989Z] Command:       /usr/local/bin/node /Users/vivek/.npm/_npx/7750544ccf494d8b/node_modules/.bin/firebase projects:addfirebase ggcms-free-tier-vivek --token ya29.a0AdMD6EjEg7mkAr9zE7PeIJMbzsgnw7KhsLxMkkEBogPmDxMpO4D30YeUNuCGb188xa8d7HGveXpnHBbt2yVu40sEj3WRK_Mp9wD9i3_4nOX8SjPLgjAjIfkrJvhLX8N9kU5D1glIoRdz1NvuC1budkm8-1geNqfhlSR3JJNCDTcdN_sjpU6q2OpIFEuIGNJVi2IglkVDiCjSaCgYKAZUSARUSFQHGX2Mi9DKu_QkftN_dYZZoI75ndQ0211
[debug] [2026-08-29T15:46:26.989Z] CLI Version:   15.28.2
[debug] [2026-08-29T15:46:26.989Z] Platform:      darwin
[debug] [2026-08-29T15:46:26.989Z] Node Version:  v24.15.0
[debug] [2026-08-29T15:46:26.989Z] Detected Agent: antigravity
[debug] [2026-08-29T15:46:26.989Z] Time:          Sat Aug 29 2026 21:16:26 GMT+0530 (India Standard Time)
[debug] [2026-08-29T15:46:26.989Z] ----------------------------------------------------------------------
[debug] 
[debug] [2026-08-29T15:46:26.990Z] > command requires scopes: ["email","openid","https://www.googleapis.com/auth/cloudplatformprojects.readonly","https://www.googleapis.com/auth/firebase","https://www.googleapis.com/auth/cloud-platform"]
[debug] [2026-08-29T15:46:26.991Z] > authorizing via --token option
[warn] ⚠  Authenticating with `--token` is deprecated and will be removed in a future major version of `firebase-tools`. Instead, use a service account key with `GOOGLE_APPLICATION_CREDENTIALS`: https://cloud.google.com/docs/authentication/getting-started 
[debug] [2026-08-29T15:46:26.996Z] No OAuth tokens found
[debug] [2026-08-29T15:46:26.996Z] No OAuth tokens found
[debug] [2026-08-29T15:46:26.996Z] > refreshing access token with scopes: []
[debug] [2026-08-29T15:46:26.997Z] >>> [apiv2][query] POST https://www.googleapis.com/oauth2/v3/token [none]
[debug] [2026-08-29T15:46:26.997Z] >>> [apiv2][body] POST https://www.googleapis.com/oauth2/v3/token [omitted]
[debug] [2026-08-29T15:46:27.116Z] <<< [apiv2][status] POST https://www.googleapis.com/oauth2/v3/token 401
[debug] [2026-08-29T15:46:27.116Z] <<< [apiv2][body] POST https://www.googleapis.com/oauth2/v3/token [omitted]
[debug] [2026-08-29T15:46:27.116Z] >>> [apiv2][query] POST https://firebase.googleapis.com/v1beta1/projects/ggcms-free-tier-vivek:addFirebase [none]
[debug] [2026-08-29T15:46:27.328Z] <<< [apiv2][status] POST https://firebase.googleapis.com/v1beta1/projects/ggcms-free-tier-vivek:addFirebase 403
[debug] [2026-08-29T15:46:27.329Z] <<< [apiv2][body] POST https://firebase.googleapis.com/v1beta1/projects/ggcms-free-tier-vivek:addFirebase {"error":{"code":403,"message":"Your application is authenticating by using local Application Default Credentials. The firebase.googleapis.com API requires a quota project, which is not set by default. To learn how to set your quota project, see https://cloud.google.com/docs/authentication/adc-troubleshooting/user-creds .","status":"PERMISSION_DENIED","details":[{"@type":"type.googleapis.com/google.rpc.ErrorInfo","reason":"SERVICE_DISABLED","domain":"googleapis.com","metadata":{"service":"firebase.googleapis.com","consumer":"projects/32555940559"}},{"@type":"type.googleapis.com/google.rpc.LocalizedMessage","locale":"en-US","message":"Your application is authenticating by using local Application Default Credentials. The firebase.googleapis.com API requires a quota project, which is not set by default. To learn how to set your quota project, see https://cloud.google.com/docs/authentication/adc-troubleshooting/user-creds ."}]}}
[debug] [2026-08-29T15:46:27.329Z] Request to https://firebase.googleapis.com/v1beta1/projects/ggcms-free-tier-vivek:addFirebase had HTTP Error: 403, Your application is authenticating by using local Application Default Credentials. The firebase.googleapis.com API requires a quota project, which is not set by default. To learn how to set your quota project, see https://cloud.google.com/docs/authentication/adc-troubleshooting/user-creds .
[debug] [2026-08-29T15:46:27.330Z] FirebaseError: Request to https://firebase.googleapis.com/v1beta1/projects/ggcms-free-tier-vivek:addFirebase had HTTP Error: 403, Your application is authenticating by using local Application Default Credentials. The firebase.googleapis.com API requires a quota project, which is not set by default. To learn how to set your quota project, see https://cloud.google.com/docs/authentication/adc-troubleshooting/user-creds .
    at responseToError (/Users/vivek/.npm/_npx/7750544ccf494d8b/node_modules/firebase-tools/lib/responseToError.js:53:12)
    at RetryOperation._fn (/Users/vivek/.npm/_npx/7750544ccf494d8b/node_modules/firebase-tools/lib/apiv2.js:415:77)
    at process.processTicksAndRejections (node:internal/process/task_queues:104:5)
[error] 
[error] Error: Failed to add Firebase to Google Cloud Platform project. See firebase-debug.log for more info.
